
[1A[2K[WebServer] (node:13588) [DEP0190] DeprecationWarning: Passing args to a child process with shell option true can lead to security vulnerabilities, as the arguments are not escaped, only concatenated.
[WebServer] (Use `node --trace-deprecation ...` to show where the warning was created)

[1A[2K[WebServer] (node:5244) Warning: The 'NO_COLOR' env is ignored due to the 'FORCE_COLOR' env being set.
[WebServer] (Use `node --trace-warnings ...` to show where the warning was created)

Running 36 tests using 1 worker

[1A[2K(node:21868) Warning: The 'NO_COLOR' env is ignored due to the 'FORCE_COLOR' env being set.
(Use `node --trace-warnings ...` to show where the warning was created)


[1A[2K(node:21868) Warning: The 'NO_COLOR' env is ignored due to the 'FORCE_COLOR' env being set.
(Use `node --trace-warnings ...` to show where the warning was created)


[1A[2K[1/36] tests\e2e\audit-races-v1084.spec.js:4:3 › @mobile 10.84 — wyścigi IndexedDB › stary update kursora nie przywraca starego snapshotu po nowszym zapisie
[1A[2K[2/36] tests\e2e\audit-races-v1084.spec.js:39:3 › @mobile 10.84 — wyścigi IndexedDB › usunięty rekord kolejki zdjęć nie może zostać wskrzeszony przez spóźniony update
[1A[2K[3/36] tests\e2e\desktop-app.spec.js:11:3 › desktop E2E na mock Supabase › reset mock danych przed E2E przywraca stan bazowy
[1A[2K[4/36] tests\e2e\desktop-app.spec.js:24:3 › desktop E2E na mock Supabase › administrator loguje się i przechodzi przez Montaże, Kalendarz oraz SMS
[1A[2K[5/36] tests\e2e\desktop-app.spec.js:42:3 › desktop E2E na mock Supabase › Centrum 360 używa tylko głównego wyszukiwania i otwiera wskazanego kontrahenta
[1A[2K[6/36] tests\e2e\desktop-app.spec.js:63:3 › desktop E2E na mock Supabase › administrator tworzy i edytuje montaż
[1A[2K[7/36] tests\e2e\desktop-app.spec.js:93:3 › desktop E2E na mock Supabase › administrator usuwa montaż dopiero po potwierdzeniu
[1A[2K[8/36] tests\e2e\desktop-app.spec.js:113:3 › desktop E2E na mock Supabase › administrator podgląda i wysyła zapisany protokół zakończonego zlecenia
[1A[2K[9/36] tests\e2e\desktop-app.spec.js:133:3 › desktop E2E na mock Supabase › pracownik loguje się — pracownik na komputerze jest kierowany do aplikacji telefonicznej
[1A[2K[10/36] tests\e2e\desktop-app.spec.js:142:3 › desktop E2E na mock Supabase › pracownik na desktopie nie widzi modułów administratora
[1A[2K[11/36] tests\e2e\desktop-device-wizard-polish.spec.js:11:3 › desktop administrator — wąski kreator urządzeń premium › okno urządzeń jest wąskie, zwarte i pozbawione szerokich bocznych pasów
[1A[2K[12/36] tests\e2e\fuel-module-v1014.spec.js:5:3 › Tankowania 10.22 › administrator zapisuje tankowanie i filtruje historię samochodu na komputerze
[1A[2K[13/36] tests\e2e\fuel-module-v1014.spec.js:28:3 › Tankowania 10.22 › formularz ostrzega o dużym skoku i blokuje ponad 5000 km bez zdjęcia
[1A[2K[14/36] tests\e2e\fuel-module-v1014.spec.js:58:3 › @mobile Tankowania pracownika iPhone › mobilny pracownik ma Paliwo bez desktopowej tabeli samochodów
[1A[2K[15/36] tests\e2e\mobile-offline-atomic-v1075.spec.js:3:1 › @mobile v10.75 — wymiana operacji offline jest atomowa przy błędzie IndexedDB
[1A[2K[16/36] tests\e2e\mobile-offline-atomic-v1075.spec.js:81:1 › @mobile v10.80 — spóźniona aktualizacja nie wskrzesza zastąpionej operacji
[1A[2K[17/36] tests\e2e\mobile-photo-two-sessions.spec.js:14:3 › @mobile iPhone — zdjęcia na dwóch sesjach › pracownik dodaje zdjęcie, administrator je widzi, a usunięcie synchronizuje obie sesje
[1A[2K[18/36] tests\e2e\mobile-photo-two-sessions.spec.js:49:3 › @mobile iPhone — zdjęcia na dwóch sesjach › pracownik widzi testowy Multi-Split 3×JW i dodaje do niego zdjęcie
[1A[2K[19/36] tests\e2e\mobile-protocol-test.spec.js:60:3 › @mobile protokół po zakończeniu zlecenia › protokół nie jest dostępny przed zakończeniem zlecenia
[1A[2K[20/36] tests\e2e\mobile-protocol-test.spec.js:66:3 › @mobile protokół po zakończeniu zlecenia › pracownik tworzy protokół, wysyła go z biuro@wawis.pl i pobiera PDF
[1A[2K[21/36] tests\e2e\mobile-protocol-test.spec.js:112:3 › @mobile protokół po zakończeniu zlecenia › administrator na telefonie również tworzy protokół tylko dla zakończonego zlecenia
[1A[2K[22/36] tests\e2e\mobile-push-logout-handoff-v1076.spec.js:72:1 › @mobile v10.83 — logout offline i konto A→B nie zostawiają starego właściciela endpointu
[1A[2K[23/36] tests\e2e\mobile-resilience.spec.js:98:3 › @mobile iPhone — odporność danych › lokalne zdjęcie przetrwa ponowne uruchomienie i wyśle się po odzyskaniu internetu
[1A[2K[24/36] tests\e2e\mobile-resilience.spec.js:140:3 › @mobile iPhone — odporność danych › serwerowa tabliczka usuwa stary lokalny błąd i nie jest oznaczana jako brakująca
[1A[2K[25/36] tests\e2e\mobile-resilience.spec.js:174:3 › @mobile iPhone — odporność danych › zakończone zlecenie ukrywa pustą sekcję komentarzy, ale pokazuje istniejącą historię
[1A[2K[26/36] tests\e2e\mobile-serial-scanner.spec.js:34:3 › @mobile iPhone — uproszczony kreator urządzeń bez OCR z kadrowaniem tabliczek › chowa miniatury tabliczek i pokazuje zdjęcie dopiero po kliknięciu
[1A[2K[27/36] tests\e2e\mobile-serial-scanner.spec.js:124:3 › @mobile iPhone — uproszczony kreator urządzeń bez OCR z kadrowaniem tabliczek › nie pozwala pracownikowi zakończyć zlecenia bez tabliczki JZ i każdej JW
[1A[2K[28/36] tests\e2e\release-visual-checks.spec.js:43:3 › release visual desktop › pełna aplikacja desktopowa ma załadowany CSS, poprawne kolumny i zapisuje screenshot kontrolny
[1A[2K[29/36] tests\e2e\release-visual-checks.spec.js:82:3 › release visual desktop › panel Diagnostyka jest dostępny i raport nie deklaruje danych klientów
[1A[2K[30/36] tests\e2e\release-visual-checks.spec.js:96:3 › @mobile release visual iPhone › pełna aplikacja mobilna ma załadowany CSS, nie wychodzi poza ekran i zapisuje screenshot kontrolny
[1A[2K[31/36] tests\e2e\session-push-isolation-v1083.spec.js:29:1 › mobile @mobile — stale restore A is rejected after B
[1A[2K[32/36] tests\e2e\session-push-isolation-v1083.spec.js:38:1 › mobile @mobile — stale push token A cannot publish after B
[1A[2K[33/36] tests\e2e\session-push-isolation-v1083.spec.js:56:1 › desktop — stale restore A is rejected after B
[1A[2K[34/36] tests\e2e\update-reload-guard-v1082.spec.js:18:3 › v10.82 update reload guard — real React integration › timer ponownie sprawdza bloker, który pojawił się już po zaplanowaniu reloadu
[1A[2K[35/36] tests\e2e\update-reload-guard-v1082.spec.js:37:3 › v10.82 update reload guard — real React integration › rerender otwartego formularza nie zwalnia blokady, a beforeunload pojawia się dopiero po zmianie danych
[1A[2K[36/36] tests\e2e\update-reload-guard-v1082.spec.js:63:3 › v10.82 update reload guard — real React integration › paliwo i komentarz inline rejestrują ochronę dopiero po wpisaniu niezapisanych danych
[1A[2K  36 passed (1.0m)
